[2026-04-30 09:39:26] [ETL] ==================================================
[2026-04-30 09:39:26] [ETL] 🚀 开始 ETL 流程: policy
[2026-04-30 09:39:26] [ETL] ==================================================
[2026-04-30 09:39:26] [ETL] 💾 原始数据已保存: /Users/zhoulai/low-altitude-economy/data/raw/policy_raw_2026-04-30_093926.json (31 条)
[2026-04-30 09:39:26] [ETL] 🧹 清洗数据...
[2026-04-30 09:39:26] [ETL] 📖 读取已有数据: /Users/zhoulai/low-altitude-economy/data/policy_data.json (31 条)
[2026-04-30 09:39:26] [ETL] 🔀 合并后: 62 条 → 去重后: 31 条
[2026-04-30 09:39:26] [ETL]    新增: 31 条，已有: 31 条，去重: 31 条
[2026-04-30 09:39:26] [ETL] 💾 主数据已更新: /Users/zhoulai/low-altitude-economy/data/policy_data.json (31 条)
[2026-04-30 09:39:26] [ETL] 📊 统计已更新: /Users/zhoulai/low-altitude-economy/data/stats.json
[2026-04-30 09:39:26] [ETL] 📝 changelog 已更新 (1 条记录)
[2026-04-30 09:39:26] [ETL] ==================================================
[2026-04-30 09:39:26] [ETL] 📋 ETL 执行结果:
[2026-04-30 09:39:26] [ETL]   policy: ✅ 成功
[2026-04-30 09:39:26] [ETL] ==================================================
[2026-04-30 09:52:04] [ETL] ==================================================
[2026-04-30 09:52:04] [ETL] 🚀 开始 ETL 流程: policy
[2026-04-30 09:52:04] [ETL] ==================================================
[2026-04-30 09:52:04] [ETL] 💾 原始数据已保存: /Users/zhoulai/low-altitude-economy/data/raw/policy_raw_2026-04-30_095204.json (31 条)
[2026-04-30 09:52:04] [ETL] 🧹 清洗数据...
[2026-04-30 09:52:04] [ETL] 📖 读取已有数据: /Users/zhoulai/low-altitude-economy/data/policy_data.json (31 条)
[2026-04-30 09:52:04] [ETL] 🔀 合并后: 62 条 → 去重后: 31 条
[2026-04-30 09:52:04] [ETL]    新增: 31 条，已有: 31 条，去重: 31 条
[2026-04-30 09:52:04] [ETL] 💾 主数据已更新: /Users/zhoulai/low-altitude-economy/data/policy_data.json (31 条)
[2026-04-30 09:52:04] [ETL] 📊 统计已更新: /Users/zhoulai/low-altitude-economy/data/stats.json
[2026-04-30 09:52:04] [ETL] 📝 changelog 已更新 (2 条记录)
[2026-04-30 09:52:04] [ETL] ==================================================
[2026-04-30 09:52:04] [ETL] 📋 ETL 执行结果:
[2026-04-30 09:52:04] [ETL]   policy: ✅ 成功
[2026-04-30 09:52:04] [ETL] ==================================================
[2026-04-30 10:19:18] [ETL] ==================================================
[2026-04-30 10:19:18] [ETL] 🚀 开始 ETL 流程: policy
[2026-04-30 10:19:18] [ETL] ==================================================
[2026-04-30 10:19:18] [ETL] 💾 原始数据已保存: /Users/zhoulai/low-altitude-economy/data/raw/policy_raw_2026-04-30_101918.json (31 条)
[2026-04-30 10:19:18] [ETL] 🧹 清洗数据...
[2026-04-30 10:19:18] [ETL] 📖 读取已有数据: /Users/zhoulai/low-altitude-economy/data/policy_data.json (71 条)
[2026-04-30 10:19:18] [ETL] 🔀 合并后: 102 条 → 去重后: 71 条
[2026-04-30 10:19:18] [ETL]    新增: 31 条，已有: 71 条，去重: 31 条
[2026-04-30 10:19:18] [ETL] 💾 主数据已更新: /Users/zhoulai/low-altitude-economy/data/policy_data.json (71 条)
[2026-04-30 10:19:18] [ETL] 📊 统计已更新: /Users/zhoulai/low-altitude-economy/data/stats.json
[2026-04-30 10:19:18] [ETL] 📝 changelog 已更新 (3 条记录)
[2026-04-30 10:19:18] [ETL] ==================================================
[2026-04-30 10:19:18] [ETL] 📋 ETL 执行结果:
[2026-04-30 10:19:18] [ETL]   policy: ✅ 成功
[2026-04-30 10:19:18] [ETL] ==================================================
[2026-04-30 12:12:02] [ETL] ==================================================
[2026-04-30 12:12:02] [ETL] 🚀 开始 ETL 流程: policy
[2026-04-30 12:12:02] [ETL] ==================================================
[2026-04-30 12:12:02] [ETL] 💾 原始数据已保存: /Users/zhoulai/low-altitude-economy/data/raw/policy_raw_2026-04-30_121202.json (31 条)
[2026-04-30 12:12:02] [ETL] 🧹 清洗数据...
[2026-04-30 12:12:02] [ETL] 📖 读取已有数据: /Users/zhoulai/low-altitude-economy/data/policy_data.json (71 条)
[2026-04-30 12:12:02] [ETL] 🔀 合并后: 102 条 → 去重后: 71 条
[2026-04-30 12:12:02] [ETL]    新增: 31 条，已有: 71 条，去重: 31 条
[2026-04-30 12:12:02] [ETL] 💾 主数据已更新: /Users/zhoulai/low-altitude-economy/data/policy_data.json (71 条)
[2026-04-30 12:12:02] [ETL] 📊 统计已更新: /Users/zhoulai/low-altitude-economy/data/stats.json
[2026-04-30 12:12:02] [ETL] 📝 changelog 已更新 (4 条记录)
[2026-05-01 09:00:30] [ETL] ==================================================
[2026-05-01 09:00:30] [ETL] 🚀 开始 ETL 流程: policy
[2026-05-01 09:00:30] [ETL] ==================================================
[2026-05-01 09:00:30] [ETL] 💾 原始数据已保存: /Users/zhoulai/low-altitude-economy/data/raw/policy_raw_2026-05-01_090030.json (31 条)
[2026-05-01 09:00:30] [ETL] 🧹 清洗数据...
[2026-05-01 09:00:30] [ETL] 📖 读取已有数据: /Users/zhoulai/low-altitude-economy/data/policy_data.json (71 条)
[2026-05-01 09:00:30] [ETL] 🔀 合并后: 102 条 → 去重后: 71 条
[2026-05-01 09:00:30] [ETL]    新增: 31 条，已有: 71 条，去重: 31 条
[2026-05-01 09:00:30] [ETL] 💾 主数据已更新: /Users/zhoulai/low-altitude-economy/data/policy_data.json (71 条)
[2026-05-01 09:00:30] [ETL] 📊 统计已更新: /Users/zhoulai/low-altitude-economy/data/stats.json
[2026-05-01 09:00:30] [ETL] 📝 changelog 已更新 (5 条记录)
[2026-05-01 09:01:02] [ETL] ==================================================
[2026-05-01 09:01:02] [ETL] 🚀 开始 ETL 流程: policy
[2026-05-01 09:01:02] [ETL] ==================================================
[2026-05-01 09:01:02] [ETL] 💾 原始数据已保存: /Users/zhoulai/low-altitude-economy/data/raw/policy_raw_2026-05-01_090102.json (31 条)
[2026-05-01 09:01:02] [ETL] 🧹 清洗数据...
[2026-05-01 09:01:02] [ETL] 📖 读取已有数据: /Users/zhoulai/low-altitude-economy/data/policy_data.json (71 条)
[2026-05-01 09:01:02] [ETL] 🔀 合并后: 102 条 → 去重后: 71 条
[2026-05-01 09:01:02] [ETL]    新增: 31 条，已有: 71 条，去重: 31 条
[2026-05-01 09:01:02] [ETL] 💾 主数据已更新: /Users/zhoulai/low-altitude-economy/data/policy_data.json (71 条)
[2026-05-01 09:01:02] [ETL] 📊 统计已更新: /Users/zhoulai/low-altitude-economy/data/stats.json
[2026-05-01 09:01:02] [ETL] 📝 changelog 已更新 (6 条记录)
[2026-05-01 09:01:02] [ETL] ==================================================
[2026-05-01 09:01:02] [ETL] 🚀 开始 ETL 流程: talent
[2026-05-01 09:01:02] [ETL] ==================================================
[2026-05-01 09:01:02] [ETL] 💾 原始数据已保存: /Users/zhoulai/low-altitude-economy/data/raw/talent_raw_2026-05-01_090102.json (208 条)
[2026-05-01 09:01:02] [ETL] 🧹 清洗数据...
[2026-05-01 09:01:02] [ETL] 📖 读取已有数据: /Users/zhoulai/low-altitude-economy/data/talent_data.json (210 条)
[2026-05-01 09:01:02] [ETL] 🔀 合并后: 418 条 → 去重后: 176 条
[2026-05-01 09:01:02] [ETL]    新增: 208 条，已有: 210 条，去重: 242 条
[2026-05-01 09:01:02] [ETL] 💾 主数据已更新: /Users/zhoulai/low-altitude-economy/data/talent_data.json (176 条)
[2026-05-01 09:01:02] [ETL] 📊 统计已更新: /Users/zhoulai/low-altitude-economy/data/talent_stats.json
[2026-05-01 09:01:02] [ETL] 📝 changelog 已更新 (7 条记录)
[2026-05-01 09:01:02] [ETL] ==================================================
[2026-05-01 09:01:02] [ETL] 📋 ETL 执行结果:
[2026-05-01 09:01:02] [ETL]   policy: ✅ 成功
[2026-05-01 09:01:02] [ETL]   talent: ✅ 成功
[2026-05-01 09:01:02] [ETL] ==================================================
[2026-05-01 19:07:11] [ETL] ==================================================
[2026-05-01 19:07:11] [ETL] 🚀 开始 ETL 流程: policy
[2026-05-01 19:07:11] [ETL] ==================================================
[2026-05-01 19:07:11] [ETL] 💾 原始数据已保存: /Users/zhoulai/low-altitude-economy/data/raw/policy_raw_2026-05-01_190711.json (31 条)
[2026-05-01 19:07:11] [ETL] 🧹 清洗数据...
[2026-05-01 19:07:11] [ETL] 📖 读取已有数据: /Users/zhoulai/low-altitude-economy/data/policy_data.json (71 条)
[2026-05-01 19:07:11] [ETL] 🔀 合并后: 102 条 → 去重后: 71 条
[2026-05-01 19:07:11] [ETL]    新增: 31 条，已有: 71 条，去重: 31 条
[2026-05-01 19:07:11] [ETL] 💾 主数据已更新: /Users/zhoulai/low-altitude-economy/data/policy_data.json (71 条)
[2026-05-01 19:07:11] [ETL] 📊 统计已更新: /Users/zhoulai/low-altitude-economy/data/stats.json
[2026-05-01 19:07:11] [ETL] 📝 changelog 已更新 (8 条记录)
[2026-05-01 19:07:11] [ETL] ==================================================
[2026-05-01 19:07:11] [ETL] 🚀 开始 ETL 流程: talent
[2026-05-01 19:07:11] [ETL] ==================================================
[2026-05-01 19:07:11] [ETL] 💾 原始数据已保存: /Users/zhoulai/low-altitude-economy/data/raw/talent_raw_2026-05-01_190711.json (261 条)
[2026-05-01 19:07:11] [ETL] 🧹 清洗数据...
[2026-05-01 19:07:11] [ETL] 📖 读取已有数据: /Users/zhoulai/low-altitude-economy/data/talent_data.json (176 条)
[2026-05-01 19:07:11] [ETL] 🔀 合并后: 437 条 → 去重后: 193 条
[2026-05-01 19:07:11] [ETL]    新增: 261 条，已有: 176 条，去重: 244 条
[2026-05-01 19:07:11] [ETL] 💾 主数据已更新: /Users/zhoulai/low-altitude-economy/data/talent_data.json (193 条)
[2026-05-01 19:07:11] [ETL] 📊 统计已更新: /Users/zhoulai/low-altitude-economy/data/talent_stats.json
[2026-05-01 19:07:11] [ETL] 📝 changelog 已更新 (9 条记录)
[2026-05-01 19:07:11] [ETL] ==================================================
[2026-05-01 19:07:11] [ETL] 📋 ETL 执行结果:
[2026-05-01 19:07:11] [ETL]   policy: ✅ 成功
[2026-05-01 19:07:11] [ETL]   talent: ✅ 成功
[2026-05-01 19:07:11] [ETL] ==================================================
[2026-05-01 19:08:00] [ETL] ==================================================
[2026-05-01 19:08:00] [ETL] 🚀 开始 ETL 流程: policy
[2026-05-01 19:08:00] [ETL] ==================================================
[2026-05-01 19:08:00] [ETL] 💾 原始数据已保存: /Users/zhoulai/low-altitude-economy/data/raw/policy_raw_2026-05-01_190800.json (31 条)
[2026-05-01 19:08:00] [ETL] 🧹 清洗数据...
[2026-05-01 19:08:00] [ETL] 📖 读取已有数据: /Users/zhoulai/low-altitude-economy/data/policy_data.json (71 条)
[2026-05-01 19:08:00] [ETL] 🔀 合并后: 102 条 → 去重后: 71 条
[2026-05-01 19:08:00] [ETL]    新增: 31 条，已有: 71 条，去重: 31 条
[2026-05-01 19:08:00] [ETL] 💾 主数据已更新: /Users/zhoulai/low-altitude-economy/data/policy_data.json (71 条)
[2026-05-01 19:08:00] [ETL] 📊 统计已更新: /Users/zhoulai/low-altitude-economy/data/stats.json
[2026-05-01 19:08:00] [ETL] 📝 changelog 已更新 (10 条记录)
[2026-05-01 19:08:00] [ETL] ==================================================
[2026-05-01 19:08:00] [ETL] 🚀 开始 ETL 流程: talent
[2026-05-01 19:08:00] [ETL] ==================================================
[2026-05-01 19:08:00] [ETL] 💾 原始数据已保存: /Users/zhoulai/low-altitude-economy/data/raw/talent_raw_2026-05-01_190800.json (208 条)
[2026-05-01 19:08:00] [ETL] 🧹 清洗数据...
[2026-05-01 19:08:00] [ETL] 📖 读取已有数据: /Users/zhoulai/low-altitude-economy/data/talent_data.json (193 条)
[2026-05-01 19:08:00] [ETL] 🔀 合并后: 401 条 → 去重后: 199 条
[2026-05-01 19:08:00] [ETL]    新增: 208 条，已有: 193 条，去重: 202 条
[2026-05-01 19:08:00] [ETL] 💾 主数据已更新: /Users/zhoulai/low-altitude-economy/data/talent_data.json (199 条)
[2026-05-01 19:08:00] [ETL] 📊 统计已更新: /Users/zhoulai/low-altitude-economy/data/talent_stats.json
[2026-05-01 19:08:00] [ETL] 📝 changelog 已更新 (11 条记录)
[2026-05-01 19:08:00] [ETL] ==================================================
[2026-05-01 19:08:00] [ETL] 📋 ETL 执行结果:
[2026-05-01 19:08:00] [ETL]   policy: ✅ 成功
[2026-05-01 19:08:00] [ETL]   talent: ✅ 成功
[2026-05-01 19:08:00] [ETL] ==================================================
[2026-05-02 09:04:41] [ETL] ==================================================
[2026-05-02 09:04:41] [ETL] 🚀 开始 ETL 流程: policy
[2026-05-02 09:04:41] [ETL] ==================================================
[2026-05-02 09:04:41] [ETL] 💾 原始数据已保存: /Users/zhoulai/low-altitude-economy/data/raw/policy_raw_2026-05-02_090441.json (31 条)
[2026-05-02 09:04:41] [ETL] 🧹 清洗数据...
[2026-05-02 09:04:41] [ETL] 📖 读取已有数据: /Users/zhoulai/low-altitude-economy/data/policy_data.json (71 条)
[2026-05-02 09:04:41] [ETL] 🔀 合并后: 102 条 → 去重后: 71 条
[2026-05-02 09:04:41] [ETL]    新增: 31 条，已有: 71 条，去重: 31 条
[2026-05-02 09:04:41] [ETL] 💾 主数据已更新: /Users/zhoulai/low-altitude-economy/data/policy_data.json (71 条)
[2026-05-02 09:04:41] [ETL] 📊 统计已更新: /Users/zhoulai/low-altitude-economy/data/stats.json
[2026-05-02 09:04:41] [ETL] 📝 changelog 已更新 (12 条记录)
[2026-05-02 09:04:41] [ETL] ==================================================
[2026-05-02 09:04:41] [ETL] 🚀 开始 ETL 流程: talent
[2026-05-02 09:04:41] [ETL] ==================================================
[2026-05-02 09:04:41] [ETL] 💾 原始数据已保存: /Users/zhoulai/low-altitude-economy/data/raw/talent_raw_2026-05-02_090441.json (182 条)
[2026-05-02 09:04:41] [ETL] 🧹 清洗数据...
[2026-05-02 09:04:41] [ETL] 📖 读取已有数据: /Users/zhoulai/low-altitude-economy/data/talent_data.json (199 条)
[2026-05-02 09:04:41] [ETL] 🔀 合并后: 381 条 → 去重后: 199 条
[2026-05-02 09:04:41] [ETL]    新增: 182 条，已有: 199 条，去重: 182 条
[2026-05-02 09:04:41] [ETL] 💾 主数据已更新: /Users/zhoulai/low-altitude-economy/data/talent_data.json (199 条)
[2026-05-02 09:04:41] [ETL] 📊 统计已更新: /Users/zhoulai/low-altitude-economy/data/talent_stats.json
[2026-05-02 09:04:41] [ETL] 📝 changelog 已更新 (13 条记录)
[2026-05-02 09:04:41] [ETL] ==================================================
[2026-05-02 09:04:41] [ETL] 📋 ETL 执行结果:
[2026-05-02 09:04:41] [ETL]   policy: ✅ 成功
[2026-05-02 09:04:41] [ETL]   talent: ✅ 成功
[2026-05-02 09:04:41] [ETL] ==================================================
[2026-05-02 09:04:43] [ETL] ==================================================
[2026-05-02 09:04:43] [ETL] 🚀 开始 ETL 流程: policy
[2026-05-02 09:04:43] [ETL] ==================================================
[2026-05-02 09:04:43] [ETL] 💾 原始数据已保存: /Users/zhoulai/low-altitude-economy/data/raw/policy_raw_2026-05-02_090443.json (31 条)
[2026-05-02 09:04:43] [ETL] 🧹 清洗数据...
[2026-05-02 09:04:43] [ETL] 📖 读取已有数据: /Users/zhoulai/low-altitude-economy/data/policy_data.json (71 条)
[2026-05-02 09:04:43] [ETL] 🔀 合并后: 102 条 → 去重后: 71 条
[2026-05-02 09:04:43] [ETL]    新增: 31 条，已有: 71 条，去重: 31 条
[2026-05-02 09:04:43] [ETL] 💾 主数据已更新: /Users/zhoulai/low-altitude-economy/data/policy_data.json (71 条)
[2026-05-02 09:04:43] [ETL] 📊 统计已更新: /Users/zhoulai/low-altitude-economy/data/stats.json
[2026-05-02 09:04:43] [ETL] 📝 changelog 已更新 (14 条记录)
[2026-05-02 09:04:43] [ETL] ==================================================
[2026-05-02 09:04:43] [ETL] 🚀 开始 ETL 流程: talent
[2026-05-02 09:04:43] [ETL] ==================================================
[2026-05-02 09:04:43] [ETL] 💾 原始数据已保存: /Users/zhoulai/low-altitude-economy/data/raw/talent_raw_2026-05-02_090443.json (212 条)
[2026-05-02 09:04:43] [ETL] 🧹 清洗数据...
[2026-05-02 09:04:43] [ETL] 📖 读取已有数据: /Users/zhoulai/low-altitude-economy/data/talent_data.json (199 条)
[2026-05-02 09:04:43] [ETL] 🔀 合并后: 411 条 → 去重后: 200 条
[2026-05-02 09:04:43] [ETL]    新增: 212 条，已有: 199 条，去重: 211 条
[2026-05-02 09:04:43] [ETL] 💾 主数据已更新: /Users/zhoulai/low-altitude-economy/data/talent_data.json (200 条)
[2026-05-02 09:04:43] [ETL] 📊 统计已更新: /Users/zhoulai/low-altitude-economy/data/talent_stats.json
[2026-05-02 09:04:43] [ETL] 📝 changelog 已更新 (15 条记录)
[2026-05-02 09:04:43] [ETL] ==================================================
[2026-05-02 09:04:43] [ETL] 📋 ETL 执行结果:
[2026-05-02 09:04:43] [ETL]   policy: ✅ 成功
[2026-05-02 09:04:43] [ETL]   talent: ✅ 成功
[2026-05-02 09:04:43] [ETL] ==================================================
[2026-05-02 09:15:24] [ETL] ==================================================
[2026-05-02 09:15:24] [ETL] 🚀 开始 ETL 流程: policy
[2026-05-02 09:15:24] [ETL] ==================================================
[2026-05-02 09:15:24] [ETL] 💾 原始数据已保存: /Users/zhoulai/low-altitude-economy/data/raw/policy_raw_2026-05-02_091524.json (31 条)
[2026-05-02 09:15:24] [ETL] 🧹 清洗数据...
[2026-05-02 09:15:24] [ETL] 📖 读取已有数据: /Users/zhoulai/low-altitude-economy/data/policy_data.json (71 条)
[2026-05-02 09:15:24] [ETL] 🔀 合并后: 102 条 → 去重后: 71 条
[2026-05-02 09:15:24] [ETL]    新增: 31 条，已有: 71 条，去重: 31 条
[2026-05-02 09:15:24] [ETL] 💾 主数据已更新: /Users/zhoulai/low-altitude-economy/data/policy_data.json (71 条)
[2026-05-02 09:15:24] [ETL] 📊 统计已更新: /Users/zhoulai/low-altitude-economy/data/stats.json
[2026-05-02 09:15:24] [ETL] 📝 changelog 已更新 (16 条记录)
[2026-05-02 09:15:24] [ETL] ==================================================
[2026-05-02 09:15:24] [ETL] 🚀 开始 ETL 流程: talent
[2026-05-02 09:15:24] [ETL] ==================================================
[2026-05-02 09:15:24] [ETL] 💾 原始数据已保存: /Users/zhoulai/low-altitude-economy/data/raw/talent_raw_2026-05-02_091524.json (185 条)
[2026-05-02 09:15:24] [ETL] 🧹 清洗数据...
[2026-05-02 09:15:24] [ETL] 📖 读取已有数据: /Users/zhoulai/low-altitude-economy/data/talent_data.json (200 条)
[2026-05-02 09:15:24] [ETL] 🔀 合并后: 385 条 → 去重后: 200 条
[2026-05-02 09:15:24] [ETL]    新增: 185 条，已有: 200 条，去重: 185 条
[2026-05-02 09:15:24] [ETL] 💾 主数据已更新: /Users/zhoulai/low-altitude-economy/data/talent_data.json (200 条)
[2026-05-02 09:15:24] [ETL] 📊 统计已更新: /Users/zhoulai/low-altitude-economy/data/talent_stats.json
[2026-05-02 09:15:24] [ETL] 📝 changelog 已更新 (17 条记录)
[2026-05-02 09:15:24] [ETL] ==================================================
[2026-05-02 09:15:24] [ETL] 📋 ETL 执行结果:
[2026-05-02 09:15:24] [ETL]   policy: ✅ 成功
[2026-05-02 09:15:24] [ETL]   talent: ✅ 成功
[2026-05-02 09:15:24] [ETL] ==================================================
[2026-05-03 09:01:37] [ETL] ==================================================
[2026-05-03 09:01:37] [ETL] 🚀 开始 ETL 流程: policy
[2026-05-03 09:01:37] [ETL] ==================================================
[2026-05-03 09:01:37] [ETL] 💾 原始数据已保存: /Users/zhoulai/low-altitude-economy/data/raw/policy_raw_2026-05-03_090137.json (31 条)
[2026-05-03 09:01:37] [ETL] 🧹 清洗数据...
[2026-05-03 09:01:37] [ETL] 📖 读取已有数据: /Users/zhoulai/low-altitude-economy/data/policy_data.json (71 条)
[2026-05-03 09:01:37] [ETL] 🔀 合并后: 102 条 → 去重后: 71 条
[2026-05-03 09:01:37] [ETL]    新增: 31 条，已有: 71 条，去重: 31 条
[2026-05-03 09:01:37] [ETL] 💾 主数据已更新: /Users/zhoulai/low-altitude-economy/data/policy_data.json (71 条)
[2026-05-03 09:01:37] [ETL] 📊 统计已更新: /Users/zhoulai/low-altitude-economy/data/stats.json
[2026-05-03 09:01:37] [ETL] 📝 changelog 已更新 (18 条记录)
[2026-05-03 09:01:37] [ETL] ==================================================
[2026-05-03 09:01:37] [ETL] 🚀 开始 ETL 流程: talent
[2026-05-03 09:01:37] [ETL] ==================================================
[2026-05-03 09:01:37] [ETL] 💾 原始数据已保存: /Users/zhoulai/low-altitude-economy/data/raw/talent_raw_2026-05-03_090137.json (210 条)
[2026-05-03 09:01:37] [ETL] 🧹 清洗数据...
[2026-05-03 09:01:37] [ETL] 📖 读取已有数据: /Users/zhoulai/low-altitude-economy/data/talent_data.json (200 条)
[2026-05-03 09:01:37] [ETL] 🔀 合并后: 410 条 → 去重后: 200 条
[2026-05-03 09:01:37] [ETL]    新增: 210 条，已有: 200 条，去重: 210 条
[2026-05-03 09:01:37] [ETL] 💾 主数据已更新: /Users/zhoulai/low-altitude-economy/data/talent_data.json (200 条)
[2026-05-03 09:01:37] [ETL] 📊 统计已更新: /Users/zhoulai/low-altitude-economy/data/talent_stats.json
[2026-05-03 09:01:37] [ETL] 📝 changelog 已更新 (19 条记录)
[2026-05-03 09:01:37] [ETL] ==================================================
[2026-05-03 09:01:37] [ETL] 📋 ETL 执行结果:
[2026-05-03 09:01:37] [ETL]   policy: ✅ 成功
[2026-05-03 09:01:37] [ETL]   talent: ✅ 成功
[2026-05-03 09:01:37] [ETL] ==================================================
[2026-05-03 09:01:42] [ETL] ==================================================
[2026-05-03 09:01:42] [ETL] 🚀 开始 ETL 流程: policy
[2026-05-03 09:01:42] [ETL] ==================================================
[2026-05-03 09:01:42] [ETL] 💾 原始数据已保存: /Users/zhoulai/low-altitude-economy/data/raw/policy_raw_2026-05-03_090142.json (31 条)
[2026-05-03 09:01:42] [ETL] 🧹 清洗数据...
[2026-05-03 09:01:42] [ETL] 📖 读取已有数据: /Users/zhoulai/low-altitude-economy/data/policy_data.json (71 条)
[2026-05-03 09:01:42] [ETL] 🔀 合并后: 102 条 → 去重后: 71 条
[2026-05-03 09:01:42] [ETL]    新增: 31 条，已有: 71 条，去重: 31 条
[2026-05-03 09:01:42] [ETL] 💾 主数据已更新: /Users/zhoulai/low-altitude-economy/data/policy_data.json (71 条)
[2026-05-03 09:01:42] [ETL] 📊 统计已更新: /Users/zhoulai/low-altitude-economy/data/stats.json
[2026-05-03 09:01:42] [ETL] 📝 changelog 已更新 (20 条记录)
[2026-05-03 09:01:42] [ETL] ==================================================
[2026-05-03 09:01:42] [ETL] 🚀 开始 ETL 流程: talent
[2026-05-03 09:01:42] [ETL] ==================================================
[2026-05-03 09:01:42] [ETL] 💾 原始数据已保存: /Users/zhoulai/low-altitude-economy/data/raw/talent_raw_2026-05-03_090142.json (209 条)
[2026-05-03 09:01:42] [ETL] 🧹 清洗数据...
[2026-05-03 09:01:42] [ETL] 📖 读取已有数据: /Users/zhoulai/low-altitude-economy/data/talent_data.json (200 条)
[2026-05-03 09:01:42] [ETL] 🔀 合并后: 409 条 → 去重后: 200 条
[2026-05-03 09:01:42] [ETL]    新增: 209 条，已有: 200 条，去重: 209 条
[2026-05-03 09:01:42] [ETL] 💾 主数据已更新: /Users/zhoulai/low-altitude-economy/data/talent_data.json (200 条)
[2026-05-03 09:01:42] [ETL] 📊 统计已更新: /Users/zhoulai/low-altitude-economy/data/talent_stats.json
[2026-05-03 09:01:42] [ETL] 📝 changelog 已更新 (21 条记录)
[2026-05-03 09:01:42] [ETL] ==================================================
[2026-05-03 09:01:42] [ETL] 📋 ETL 执行结果:
[2026-05-03 09:01:42] [ETL]   policy: ✅ 成功
[2026-05-03 09:01:42] [ETL]   talent: ✅ 成功
[2026-05-03 09:01:42] [ETL] ==================================================
[2026-05-03 09:10:14] [ETL] ==================================================
[2026-05-03 09:10:14] [ETL] 🚀 开始 ETL 流程: policy
[2026-05-03 09:10:14] [ETL] ==================================================
[2026-05-03 09:10:14] [ETL] 💾 原始数据已保存: /Users/zhoulai/low-altitude-economy/data/raw/policy_raw_2026-05-03_091014.json (31 条)
[2026-05-03 09:10:14] [ETL] 🧹 清洗数据...
[2026-05-03 09:10:14] [ETL] 📖 读取已有数据: /Users/zhoulai/low-altitude-economy/data/policy_data.json (71 条)
[2026-05-03 09:10:14] [ETL] 🔀 合并后: 102 条 → 去重后: 71 条
[2026-05-03 09:10:14] [ETL]    新增: 31 条，已有: 71 条，去重: 31 条
[2026-05-03 09:10:14] [ETL] 💾 主数据已更新: /Users/zhoulai/low-altitude-economy/data/policy_data.json (71 条)
[2026-05-03 09:10:14] [ETL] 📊 统计已更新: /Users/zhoulai/low-altitude-economy/data/stats.json
[2026-05-03 09:10:14] [ETL] 📝 changelog 已更新 (22 条记录)
[2026-05-03 09:10:14] [ETL] ==================================================
[2026-05-03 09:10:14] [ETL] 🚀 开始 ETL 流程: talent
[2026-05-03 09:10:14] [ETL] ==================================================
[2026-05-03 09:10:14] [ETL] 💾 原始数据已保存: /Users/zhoulai/low-altitude-economy/data/raw/talent_raw_2026-05-03_091014.json (220 条)
[2026-05-03 09:10:14] [ETL] 🧹 清洗数据...
[2026-05-03 09:10:14] [ETL] 📖 读取已有数据: /Users/zhoulai/low-altitude-economy/data/talent_data.json (200 条)
[2026-05-03 09:10:14] [ETL] 🔀 合并后: 420 条 → 去重后: 200 条
[2026-05-03 09:10:14] [ETL]    新增: 220 条，已有: 200 条，去重: 220 条
[2026-05-03 09:10:14] [ETL] 💾 主数据已更新: /Users/zhoulai/low-altitude-economy/data/talent_data.json (200 条)
[2026-05-03 09:10:14] [ETL] 📊 统计已更新: /Users/zhoulai/low-altitude-economy/data/talent_stats.json
[2026-05-03 09:10:14] [ETL] 📝 changelog 已更新 (23 条记录)
[2026-05-03 09:10:14] [ETL] ==================================================
[2026-05-03 09:10:14] [ETL] 📋 ETL 执行结果:
[2026-05-03 09:10:14] [ETL]   policy: ✅ 成功
[2026-05-03 09:10:14] [ETL]   talent: ✅ 成功
[2026-05-03 09:10:14] [ETL] ==================================================
[2026-05-04 09:05:24] [ETL] ==================================================
[2026-05-04 09:05:24] [ETL] 🚀 开始 ETL 流程: policy
[2026-05-04 09:05:24] [ETL] ==================================================
[2026-05-04 09:05:24] [ETL] 💾 原始数据已保存: /Users/zhoulai/low-altitude-economy/data/raw/policy_raw_2026-05-04_090524.json (31 条)
[2026-05-04 09:05:24] [ETL] 🧹 清洗数据...
[2026-05-04 09:05:24] [ETL] 📖 读取已有数据: /Users/zhoulai/low-altitude-economy/data/policy_data.json (71 条)
[2026-05-04 09:05:24] [ETL] 🔀 合并后: 102 条 → 去重后: 71 条
[2026-05-04 09:05:24] [ETL]    新增: 31 条，已有: 71 条，去重: 31 条
[2026-05-04 09:05:24] [ETL] 💾 主数据已更新: /Users/zhoulai/low-altitude-economy/data/policy_data.json (71 条)
[2026-05-04 09:05:24] [ETL] 📊 统计已更新: /Users/zhoulai/low-altitude-economy/data/stats.json
[2026-05-04 09:05:24] [ETL] 📝 changelog 已更新 (24 条记录)
[2026-05-04 09:05:24] [ETL] ==================================================
[2026-05-04 09:05:24] [ETL] 🚀 开始 ETL 流程: talent
[2026-05-04 09:05:24] [ETL] ==================================================
[2026-05-04 09:05:24] [ETL] 💾 原始数据已保存: /Users/zhoulai/low-altitude-economy/data/raw/talent_raw_2026-05-04_090524.json (206 条)
[2026-05-04 09:05:24] [ETL] 🧹 清洗数据...
[2026-05-04 09:05:24] [ETL] 📖 读取已有数据: /Users/zhoulai/low-altitude-economy/data/talent_data.json (200 条)
[2026-05-04 09:05:24] [ETL] 🔀 合并后: 406 条 → 去重后: 200 条
[2026-05-04 09:05:24] [ETL]    新增: 206 条，已有: 200 条，去重: 206 条
[2026-05-04 09:05:24] [ETL] 💾 主数据已更新: /Users/zhoulai/low-altitude-economy/data/talent_data.json (200 条)
[2026-05-04 09:05:24] [ETL] 📊 统计已更新: /Users/zhoulai/low-altitude-economy/data/talent_stats.json
[2026-05-04 09:05:24] [ETL] 📝 changelog 已更新 (25 条记录)
[2026-05-04 09:05:24] [ETL] ==================================================
[2026-05-04 09:05:24] [ETL] 📋 ETL 执行结果:
[2026-05-04 09:05:24] [ETL]   policy: ✅ 成功
[2026-05-04 09:05:24] [ETL]   talent: ✅ 成功
[2026-05-04 09:05:24] [ETL] ==================================================
[2026-05-04 09:05:29] [ETL] ==================================================
[2026-05-04 09:05:29] [ETL] 🚀 开始 ETL 流程: policy
[2026-05-04 09:05:29] [ETL] ==================================================
[2026-05-04 09:05:29] [ETL] 💾 原始数据已保存: /Users/zhoulai/low-altitude-economy/data/raw/policy_raw_2026-05-04_090529.json (31 条)
[2026-05-04 09:05:29] [ETL] 🧹 清洗数据...
[2026-05-04 09:05:29] [ETL] 📖 读取已有数据: /Users/zhoulai/low-altitude-economy/data/policy_data.json (71 条)
[2026-05-04 09:05:29] [ETL] 🔀 合并后: 102 条 → 去重后: 71 条
[2026-05-04 09:05:29] [ETL]    新增: 31 条，已有: 71 条，去重: 31 条
[2026-05-04 09:05:29] [ETL] 💾 主数据已更新: /Users/zhoulai/low-altitude-economy/data/policy_data.json (71 条)
[2026-05-04 09:05:29] [ETL] 📊 统计已更新: /Users/zhoulai/low-altitude-economy/data/stats.json
[2026-05-04 09:05:29] [ETL] 📝 changelog 已更新 (26 条记录)
[2026-05-04 09:05:29] [ETL] ==================================================
[2026-05-04 09:05:29] [ETL] 🚀 开始 ETL 流程: talent
[2026-05-04 09:05:29] [ETL] ==================================================
[2026-05-04 09:05:29] [ETL] 💾 原始数据已保存: /Users/zhoulai/low-altitude-economy/data/raw/talent_raw_2026-05-04_090529.json (224 条)
[2026-05-04 09:05:29] [ETL] 🧹 清洗数据...
[2026-05-04 09:05:29] [ETL] 📖 读取已有数据: /Users/zhoulai/low-altitude-economy/data/talent_data.json (200 条)
[2026-05-04 09:05:29] [ETL] 🔀 合并后: 424 条 → 去重后: 200 条
[2026-05-04 09:05:29] [ETL]    新增: 224 条，已有: 200 条，去重: 224 条
[2026-05-04 09:05:29] [ETL] 💾 主数据已更新: /Users/zhoulai/low-altitude-economy/data/talent_data.json (200 条)
[2026-05-04 09:05:29] [ETL] 📊 统计已更新: /Users/zhoulai/low-altitude-economy/data/talent_stats.json
[2026-05-04 09:05:29] [ETL] 📝 changelog 已更新 (27 条记录)
[2026-05-04 09:05:29] [ETL] ==================================================
[2026-05-04 09:05:29] [ETL] 📋 ETL 执行结果:
[2026-05-04 09:05:29] [ETL]   policy: ✅ 成功
[2026-05-04 09:05:29] [ETL]   talent: ✅ 成功
[2026-05-04 09:05:29] [ETL] ==================================================
[2026-05-04 09:07:10] [ETL] ==================================================
[2026-05-04 09:07:10] [ETL] 🚀 开始 ETL 流程: policy
[2026-05-04 09:07:10] [ETL] ==================================================
[2026-05-04 09:07:10] [ETL] 💾 原始数据已保存: /Users/zhoulai/low-altitude-economy/data/raw/policy_raw_2026-05-04_090710.json (31 条)
[2026-05-04 09:07:10] [ETL] 🧹 清洗数据...
[2026-05-04 09:07:10] [ETL] 📖 读取已有数据: /Users/zhoulai/low-altitude-economy/data/policy_data.json (71 条)
[2026-05-04 09:07:10] [ETL] 🔀 合并后: 102 条 → 去重后: 71 条
[2026-05-04 09:07:10] [ETL]    新增: 31 条，已有: 71 条，去重: 31 条
[2026-05-04 09:07:10] [ETL] 💾 主数据已更新: /Users/zhoulai/low-altitude-economy/data/policy_data.json (71 条)
[2026-05-04 09:07:10] [ETL] 📊 统计已更新: /Users/zhoulai/low-altitude-economy/data/stats.json
[2026-05-04 09:07:10] [ETL] 📝 changelog 已更新 (28 条记录)
[2026-05-04 09:07:10] [ETL] ==================================================
[2026-05-04 09:07:10] [ETL] 🚀 开始 ETL 流程: talent
[2026-05-04 09:07:10] [ETL] ==================================================
[2026-05-04 09:07:10] [ETL] 💾 原始数据已保存: /Users/zhoulai/low-altitude-economy/data/raw/talent_raw_2026-05-04_090710.json (215 条)
[2026-05-04 09:07:10] [ETL] 🧹 清洗数据...
[2026-05-04 09:07:10] [ETL] 📖 读取已有数据: /Users/zhoulai/low-altitude-economy/data/talent_data.json (200 条)
[2026-05-04 09:07:10] [ETL] 🔀 合并后: 415 条 → 去重后: 200 条
[2026-05-04 09:07:10] [ETL]    新增: 215 条，已有: 200 条，去重: 215 条
[2026-05-04 09:07:10] [ETL] 💾 主数据已更新: /Users/zhoulai/low-altitude-economy/data/talent_data.json (200 条)
[2026-05-04 09:07:10] [ETL] 📊 统计已更新: /Users/zhoulai/low-altitude-economy/data/talent_stats.json
[2026-05-04 09:07:10] [ETL] 📝 changelog 已更新 (29 条记录)
[2026-05-04 09:07:10] [ETL] ==================================================
[2026-05-04 09:07:10] [ETL] 📋 ETL 执行结果:
[2026-05-04 09:07:10] [ETL]   policy: ✅ 成功
[2026-05-04 09:07:10] [ETL]   talent: ✅ 成功
[2026-05-04 09:07:10] [ETL] ==================================================
[2026-05-05 09:04:03] [ETL] ==================================================
[2026-05-05 09:04:03] [ETL] 🚀 开始 ETL 流程: policy
[2026-05-05 09:04:03] [ETL] ==================================================
[2026-05-05 09:04:03] [ETL] 💾 原始数据已保存: /Users/zhoulai/low-altitude-economy/data/raw/policy_raw_2026-05-05_090403.json (31 条)
[2026-05-05 09:04:03] [ETL] 🧹 清洗数据...
[2026-05-05 09:04:03] [ETL] 📖 读取已有数据: /Users/zhoulai/low-altitude-economy/data/policy_data.json (71 条)
[2026-05-05 09:04:03] [ETL] 🔀 合并后: 102 条 → 去重后: 71 条
[2026-05-05 09:04:03] [ETL]    新增: 31 条，已有: 71 条，去重: 31 条
[2026-05-05 09:04:03] [ETL] 💾 主数据已更新: /Users/zhoulai/low-altitude-economy/data/policy_data.json (71 条)
[2026-05-05 09:04:03] [ETL] 📊 统计已更新: /Users/zhoulai/low-altitude-economy/data/stats.json
[2026-05-05 09:04:03] [ETL] 📝 changelog 已更新 (30 条记录)
[2026-05-05 09:04:03] [ETL] ==================================================
[2026-05-05 09:04:03] [ETL] 🚀 开始 ETL 流程: talent
[2026-05-05 09:04:03] [ETL] ==================================================
[2026-05-05 09:04:03] [ETL] 💾 原始数据已保存: /Users/zhoulai/low-altitude-economy/data/raw/talent_raw_2026-05-05_090403.json (233 条)
[2026-05-05 09:04:03] [ETL] 🧹 清洗数据...
[2026-05-05 09:04:03] [ETL] 📖 读取已有数据: /Users/zhoulai/low-altitude-economy/data/talent_data.json (200 条)
[2026-05-05 09:04:03] [ETL] 🔀 合并后: 433 条 → 去重后: 200 条
[2026-05-05 09:04:03] [ETL]    新增: 233 条，已有: 200 条，去重: 233 条
[2026-05-05 09:04:03] [ETL] 💾 主数据已更新: /Users/zhoulai/low-altitude-economy/data/talent_data.json (200 条)
[2026-05-05 09:04:03] [ETL] 📊 统计已更新: /Users/zhoulai/low-altitude-economy/data/talent_stats.json
[2026-05-05 09:04:03] [ETL] 📝 changelog 已更新 (31 条记录)
[2026-05-05 09:04:03] [ETL] ==================================================
[2026-05-05 09:04:03] [ETL] 📋 ETL 执行结果:
[2026-05-05 09:04:03] [ETL]   policy: ✅ 成功
[2026-05-05 09:04:03] [ETL]   talent: ✅ 成功
[2026-05-05 09:04:03] [ETL] ==================================================
[2026-05-05 09:04:08] [ETL] ==================================================
[2026-05-05 09:04:08] [ETL] 🚀 开始 ETL 流程: policy
[2026-05-05 09:04:08] [ETL] ==================================================
[2026-05-05 09:04:08] [ETL] 💾 原始数据已保存: /Users/zhoulai/low-altitude-economy/data/raw/policy_raw_2026-05-05_090408.json (31 条)
[2026-05-05 09:04:08] [ETL] 🧹 清洗数据...
[2026-05-05 09:04:08] [ETL] 📖 读取已有数据: /Users/zhoulai/low-altitude-economy/data/policy_data.json (71 条)
[2026-05-05 09:04:08] [ETL] 🔀 合并后: 102 条 → 去重后: 71 条
[2026-05-05 09:04:08] [ETL]    新增: 31 条，已有: 71 条，去重: 31 条
[2026-05-05 09:04:08] [ETL] 💾 主数据已更新: /Users/zhoulai/low-altitude-economy/data/policy_data.json (71 条)
[2026-05-05 09:04:08] [ETL] 📊 统计已更新: /Users/zhoulai/low-altitude-economy/data/stats.json
[2026-05-05 09:04:08] [ETL] 📝 changelog 已更新 (32 条记录)
[2026-05-05 09:04:08] [ETL] ==================================================
[2026-05-05 09:04:08] [ETL] 🚀 开始 ETL 流程: talent
[2026-05-05 09:04:08] [ETL] ==================================================
[2026-05-05 09:04:08] [ETL] 💾 原始数据已保存: /Users/zhoulai/low-altitude-economy/data/raw/talent_raw_2026-05-05_090408.json (238 条)
[2026-05-05 09:04:08] [ETL] 🧹 清洗数据...
[2026-05-05 09:04:08] [ETL] 📖 读取已有数据: /Users/zhoulai/low-altitude-economy/data/talent_data.json (200 条)
[2026-05-05 09:04:08] [ETL] 🔀 合并后: 438 条 → 去重后: 200 条
[2026-05-05 09:04:08] [ETL]    新增: 238 条，已有: 200 条，去重: 238 条
[2026-05-05 09:04:08] [ETL] 💾 主数据已更新: /Users/zhoulai/low-altitude-economy/data/talent_data.json (200 条)
[2026-05-05 09:04:08] [ETL] 📊 统计已更新: /Users/zhoulai/low-altitude-economy/data/talent_stats.json
[2026-05-05 09:04:08] [ETL] 📝 changelog 已更新 (33 条记录)
[2026-05-05 09:04:08] [ETL] ==================================================
[2026-05-05 09:04:08] [ETL] 📋 ETL 执行结果:
[2026-05-05 09:04:08] [ETL]   policy: ✅ 成功
[2026-05-05 09:04:08] [ETL]   talent: ✅ 成功
[2026-05-05 09:04:08] [ETL] ==================================================
[2026-05-05 09:07:15] [ETL] ==================================================
[2026-05-05 09:07:15] [ETL] 🚀 开始 ETL 流程: policy
[2026-05-05 09:07:15] [ETL] ==================================================
[2026-05-05 09:07:15] [ETL] 💾 原始数据已保存: /Users/zhoulai/low-altitude-economy/data/raw/policy_raw_2026-05-05_090715.json (31 条)
[2026-05-05 09:07:15] [ETL] 🧹 清洗数据...
[2026-05-05 09:07:15] [ETL] 📖 读取已有数据: /Users/zhoulai/low-altitude-economy/data/policy_data.json (71 条)
[2026-05-05 09:07:15] [ETL] 🔀 合并后: 102 条 → 去重后: 71 条
[2026-05-05 09:07:15] [ETL]    新增: 31 条，已有: 71 条，去重: 31 条
[2026-05-05 09:07:15] [ETL] 💾 主数据已更新: /Users/zhoulai/low-altitude-economy/data/policy_data.json (71 条)
[2026-05-05 09:07:15] [ETL] 📊 统计已更新: /Users/zhoulai/low-altitude-economy/data/stats.json
[2026-05-05 09:07:15] [ETL] 📝 changelog 已更新 (34 条记录)
[2026-05-05 09:07:15] [ETL] ==================================================
[2026-05-05 09:07:15] [ETL] 🚀 开始 ETL 流程: talent
[2026-05-05 09:07:15] [ETL] ==================================================
[2026-05-05 09:07:15] [ETL] 💾 原始数据已保存: /Users/zhoulai/low-altitude-economy/data/raw/talent_raw_2026-05-05_090715.json (241 条)
[2026-05-05 09:07:15] [ETL] 🧹 清洗数据...
[2026-05-05 09:07:15] [ETL] 📖 读取已有数据: /Users/zhoulai/low-altitude-economy/data/talent_data.json (200 条)
[2026-05-05 09:07:15] [ETL] 🔀 合并后: 441 条 → 去重后: 200 条
[2026-05-05 09:07:15] [ETL]    新增: 241 条，已有: 200 条，去重: 241 条
[2026-05-05 09:07:15] [ETL] 💾 主数据已更新: /Users/zhoulai/low-altitude-economy/data/talent_data.json (200 条)
[2026-05-05 09:07:15] [ETL] 📊 统计已更新: /Users/zhoulai/low-altitude-economy/data/talent_stats.json
[2026-05-05 09:07:15] [ETL] 📝 changelog 已更新 (35 条记录)
[2026-05-05 09:07:15] [ETL] ==================================================
[2026-05-05 09:07:15] [ETL] 📋 ETL 执行结果:
[2026-05-05 09:07:15] [ETL]   policy: ✅ 成功
[2026-05-05 09:07:15] [ETL]   talent: ✅ 成功
[2026-05-05 09:07:15] [ETL] ==================================================
[2026-05-06 09:00:37] [ETL] ==================================================
[2026-05-06 09:00:37] [ETL] 🚀 开始 ETL 流程: policy
[2026-05-06 09:00:37] [ETL] ==================================================
[2026-05-06 09:00:37] [ETL] 💾 原始数据已保存: /Users/zhoulai/low-altitude-economy/data/raw/policy_raw_2026-05-06_090037.json (31 条)
[2026-05-06 09:00:37] [ETL] 🧹 清洗数据...
[2026-05-06 09:00:37] [ETL] 📖 读取已有数据: /Users/zhoulai/low-altitude-economy/data/policy_data.json (71 条)
[2026-05-06 09:00:37] [ETL] 🔀 合并后: 102 条 → 去重后: 71 条
[2026-05-06 09:00:37] [ETL]    新增: 31 条，已有: 71 条，去重: 31 条
[2026-05-06 09:00:37] [ETL] 💾 主数据已更新: /Users/zhoulai/low-altitude-economy/data/policy_data.json (71 条)
[2026-05-06 09:00:37] [ETL] 📊 统计已更新: /Users/zhoulai/low-altitude-economy/data/stats.json
[2026-05-06 09:00:37] [ETL] 📝 changelog 已更新 (36 条记录)
[2026-05-06 09:00:37] [ETL] ==================================================
[2026-05-06 09:00:37] [ETL] 🚀 开始 ETL 流程: talent
[2026-05-06 09:00:37] [ETL] ==================================================
[2026-05-06 09:00:37] [ETL] 💾 原始数据已保存: /Users/zhoulai/low-altitude-economy/data/raw/talent_raw_2026-05-06_090037.json (232 条)
[2026-05-06 09:00:37] [ETL] 🧹 清洗数据...
[2026-05-06 09:00:37] [ETL] 📖 读取已有数据: /Users/zhoulai/low-altitude-economy/data/talent_data.json (200 条)
[2026-05-06 09:00:37] [ETL] 🔀 合并后: 432 条 → 去重后: 200 条
[2026-05-06 09:00:37] [ETL]    新增: 232 条，已有: 200 条，去重: 232 条
[2026-05-06 09:00:37] [ETL] 💾 主数据已更新: /Users/zhoulai/low-altitude-economy/data/talent_data.json (200 条)
[2026-05-06 09:00:37] [ETL] 📊 统计已更新: /Users/zhoulai/low-altitude-economy/data/talent_stats.json
[2026-05-06 09:00:37] [ETL] 📝 changelog 已更新 (37 条记录)
[2026-05-06 09:00:37] [ETL] ==================================================
[2026-05-06 09:00:37] [ETL] 📋 ETL 执行结果:
[2026-05-06 09:00:37] [ETL]   policy: ✅ 成功
[2026-05-06 09:00:37] [ETL]   talent: ✅ 成功
[2026-05-06 09:00:37] [ETL] ==================================================
[2026-05-06 09:00:40] [ETL] ==================================================
[2026-05-06 09:00:40] [ETL] 🚀 开始 ETL 流程: policy
[2026-05-06 09:00:40] [ETL] ==================================================
[2026-05-06 09:00:40] [ETL] 💾 原始数据已保存: /Users/zhoulai/low-altitude-economy/data/raw/policy_raw_2026-05-06_090040.json (31 条)
[2026-05-06 09:00:40] [ETL] 🧹 清洗数据...
[2026-05-06 09:00:40] [ETL] 📖 读取已有数据: /Users/zhoulai/low-altitude-economy/data/policy_data.json (71 条)
[2026-05-06 09:00:40] [ETL] 🔀 合并后: 102 条 → 去重后: 71 条
[2026-05-06 09:00:40] [ETL]    新增: 31 条，已有: 71 条，去重: 31 条
[2026-05-06 09:00:40] [ETL] 💾 主数据已更新: /Users/zhoulai/low-altitude-economy/data/policy_data.json (71 条)
[2026-05-06 09:00:40] [ETL] 📊 统计已更新: /Users/zhoulai/low-altitude-economy/data/stats.json
[2026-05-06 09:00:40] [ETL] 📝 changelog 已更新 (38 条记录)
[2026-05-06 09:00:40] [ETL] ==================================================
[2026-05-06 09:00:40] [ETL] 🚀 开始 ETL 流程: talent
[2026-05-06 09:00:40] [ETL] ==================================================
[2026-05-06 09:00:40] [ETL] 💾 原始数据已保存: /Users/zhoulai/low-altitude-economy/data/raw/talent_raw_2026-05-06_090040.json (245 条)
[2026-05-06 09:00:40] [ETL] 🧹 清洗数据...
[2026-05-06 09:00:40] [ETL] 📖 读取已有数据: /Users/zhoulai/low-altitude-economy/data/talent_data.json (200 条)
[2026-05-06 09:00:40] [ETL] 🔀 合并后: 445 条 → 去重后: 200 条
[2026-05-06 09:00:40] [ETL]    新增: 245 条，已有: 200 条，去重: 245 条
[2026-05-06 09:00:40] [ETL] 💾 主数据已更新: /Users/zhoulai/low-altitude-economy/data/talent_data.json (200 条)
[2026-05-06 09:00:40] [ETL] 📊 统计已更新: /Users/zhoulai/low-altitude-economy/data/talent_stats.json
[2026-05-06 09:00:40] [ETL] 📝 changelog 已更新 (39 条记录)
[2026-05-06 09:00:40] [ETL] ==================================================
[2026-05-06 09:00:40] [ETL] 📋 ETL 执行结果:
[2026-05-06 09:00:40] [ETL]   policy: ✅ 成功
[2026-05-06 09:00:40] [ETL]   talent: ✅ 成功
[2026-05-06 09:00:40] [ETL] ==================================================
[2026-05-06 09:14:06] [ETL] ==================================================
[2026-05-06 09:14:06] [ETL] 🚀 开始 ETL 流程: policy
[2026-05-06 09:14:06] [ETL] ==================================================
[2026-05-06 09:14:06] [ETL] 💾 原始数据已保存: /Users/zhoulai/low-altitude-economy/data/raw/policy_raw_2026-05-06_091406.json (31 条)
[2026-05-06 09:14:06] [ETL] 🧹 清洗数据...
[2026-05-06 09:14:06] [ETL] 📖 读取已有数据: /Users/zhoulai/low-altitude-economy/data/policy_data.json (71 条)
[2026-05-06 09:14:06] [ETL] 🔀 合并后: 102 条 → 去重后: 71 条
[2026-05-06 09:14:06] [ETL]    新增: 31 条，已有: 71 条，去重: 31 条
[2026-05-06 09:14:06] [ETL] 💾 主数据已更新: /Users/zhoulai/low-altitude-economy/data/policy_data.json (71 条)
[2026-05-06 09:14:06] [ETL] 📊 统计已更新: /Users/zhoulai/low-altitude-economy/data/stats.json
[2026-05-06 09:14:06] [ETL] 📝 changelog 已更新 (40 条记录)
[2026-05-06 09:14:06] [ETL] ==================================================
[2026-05-06 09:14:06] [ETL] 🚀 开始 ETL 流程: talent
[2026-05-06 09:14:06] [ETL] ==================================================
[2026-05-06 09:14:06] [ETL] 💾 原始数据已保存: /Users/zhoulai/low-altitude-economy/data/raw/talent_raw_2026-05-06_091406.json (231 条)
[2026-05-06 09:14:06] [ETL] 🧹 清洗数据...
[2026-05-06 09:14:06] [ETL] 📖 读取已有数据: /Users/zhoulai/low-altitude-economy/data/talent_data.json (200 条)
[2026-05-06 09:14:06] [ETL] 🔀 合并后: 431 条 → 去重后: 200 条
[2026-05-06 09:14:06] [ETL]    新增: 231 条，已有: 200 条，去重: 231 条
[2026-05-06 09:14:06] [ETL] 💾 主数据已更新: /Users/zhoulai/low-altitude-economy/data/talent_data.json (200 条)
[2026-05-06 09:14:06] [ETL] 📊 统计已更新: /Users/zhoulai/low-altitude-economy/data/talent_stats.json
[2026-05-06 09:14:06] [ETL] 📝 changelog 已更新 (41 条记录)
[2026-05-06 09:14:06] [ETL] ==================================================
[2026-05-06 09:14:06] [ETL] 📋 ETL 执行结果:
[2026-05-06 09:14:06] [ETL]   policy: ✅ 成功
[2026-05-06 09:14:06] [ETL]   talent: ✅ 成功
[2026-05-06 09:14:06] [ETL] ==================================================
[2026-05-06 09:20:24] [ETL] ==================================================
[2026-05-06 09:20:24] [ETL] 🚀 开始 ETL 流程: policy
[2026-05-06 09:20:24] [ETL] ==================================================
[2026-05-06 09:20:24] [ETL] 💾 原始数据已保存: /Users/zhoulai/low-altitude-economy/data/raw/policy_raw_2026-05-06_092024.json (31 条)
[2026-05-06 09:20:24] [ETL] 🧹 清洗数据...
[2026-05-06 09:20:24] [ETL] 📖 读取已有数据: /Users/zhoulai/low-altitude-economy/data/policy_data.json (71 条)
[2026-05-06 09:20:24] [ETL] 🔀 合并后: 102 条 → 去重后: 71 条
[2026-05-06 09:20:24] [ETL]    新增: 31 条，已有: 71 条，去重: 31 条
[2026-05-06 09:20:24] [ETL] 💾 主数据已更新: /Users/zhoulai/low-altitude-economy/data/policy_data.json (71 条)
[2026-05-06 09:20:24] [ETL] 📊 统计已更新: /Users/zhoulai/low-altitude-economy/data/stats.json
[2026-05-06 09:20:24] [ETL] 📝 changelog 已更新 (42 条记录)
[2026-05-06 09:20:24] [ETL] ==================================================
[2026-05-06 09:20:24] [ETL] 🚀 开始 ETL 流程: talent
[2026-05-06 09:20:24] [ETL] ==================================================
[2026-05-06 09:20:24] [ETL] 💾 原始数据已保存: /Users/zhoulai/low-altitude-economy/data/raw/talent_raw_2026-05-06_092024.json (227 条)
[2026-05-06 09:20:24] [ETL] 🧹 清洗数据...
[2026-05-06 09:20:24] [ETL] 📖 读取已有数据: /Users/zhoulai/low-altitude-economy/data/talent_data.json (200 条)
[2026-05-06 09:20:24] [ETL] 🔀 合并后: 427 条 → 去重后: 200 条
[2026-05-06 09:20:24] [ETL]    新增: 227 条，已有: 200 条，去重: 227 条
[2026-05-06 09:20:24] [ETL] 💾 主数据已更新: /Users/zhoulai/low-altitude-economy/data/talent_data.json (200 条)
[2026-05-06 09:20:24] [ETL] 📊 统计已更新: /Users/zhoulai/low-altitude-economy/data/talent_stats.json
[2026-05-06 09:20:24] [ETL] 📝 changelog 已更新 (43 条记录)
[2026-05-06 09:20:24] [ETL] ==================================================
[2026-05-06 09:20:24] [ETL] 📋 ETL 执行结果:
[2026-05-06 09:20:24] [ETL]   policy: ✅ 成功
[2026-05-06 09:20:24] [ETL]   talent: ✅ 成功
[2026-05-06 09:20:24] [ETL] ==================================================
[2026-05-07 09:02:33] [ETL] ==================================================
[2026-05-07 09:02:33] [ETL] 🚀 开始 ETL 流程: policy
[2026-05-07 09:02:33] [ETL] ==================================================
[2026-05-07 09:02:33] [ETL] 💾 原始数据已保存: /Users/zhoulai/low-altitude-economy/data/raw/policy_raw_2026-05-07_090233.json (31 条)
[2026-05-07 09:02:33] [ETL] 🧹 清洗数据...
[2026-05-07 09:02:33] [ETL] 📖 读取已有数据: /Users/zhoulai/low-altitude-economy/data/policy_data.json (71 条)
[2026-05-07 09:02:33] [ETL] 🔀 合并后: 102 条 → 去重后: 71 条
[2026-05-07 09:02:33] [ETL]    新增: 31 条，已有: 71 条，去重: 31 条
[2026-05-07 09:02:33] [ETL] 💾 主数据已更新: /Users/zhoulai/low-altitude-economy/data/policy_data.json (71 条)
[2026-05-07 09:02:33] [ETL] 📊 统计已更新: /Users/zhoulai/low-altitude-economy/data/stats.json
[2026-05-07 09:02:33] [ETL] 📝 changelog 已更新 (44 条记录)
[2026-05-07 09:02:33] [ETL] ==================================================
[2026-05-07 09:02:33] [ETL] 🚀 开始 ETL 流程: talent
[2026-05-07 09:02:33] [ETL] ==================================================
[2026-05-07 09:02:33] [ETL] 💾 原始数据已保存: /Users/zhoulai/low-altitude-economy/data/raw/talent_raw_2026-05-07_090233.json (227 条)
[2026-05-07 09:02:33] [ETL] 🧹 清洗数据...
[2026-05-07 09:02:33] [ETL] 📖 读取已有数据: /Users/zhoulai/low-altitude-economy/data/talent_data.json (200 条)
[2026-05-07 09:02:33] [ETL] 🔀 合并后: 427 条 → 去重后: 200 条
[2026-05-07 09:02:33] [ETL]    新增: 227 条，已有: 200 条，去重: 227 条
[2026-05-07 09:02:33] [ETL] 💾 主数据已更新: /Users/zhoulai/low-altitude-economy/data/talent_data.json (200 条)
[2026-05-07 09:02:33] [ETL] 📊 统计已更新: /Users/zhoulai/low-altitude-economy/data/talent_stats.json
[2026-05-07 09:02:33] [ETL] 📝 changelog 已更新 (45 条记录)
[2026-05-07 09:02:33] [ETL] ==================================================
[2026-05-07 09:02:33] [ETL] 📋 ETL 执行结果:
[2026-05-07 09:02:33] [ETL]   policy: ✅ 成功
[2026-05-07 09:02:33] [ETL]   talent: ✅ 成功
[2026-05-07 09:02:33] [ETL] ==================================================
[2026-05-07 09:02:39] [ETL] ==================================================
[2026-05-07 09:02:39] [ETL] 🚀 开始 ETL 流程: policy
[2026-05-07 09:02:39] [ETL] ==================================================
[2026-05-07 09:02:39] [ETL] 💾 原始数据已保存: /Users/zhoulai/low-altitude-economy/data/raw/policy_raw_2026-05-07_090239.json (31 条)
[2026-05-07 09:02:39] [ETL] 🧹 清洗数据...
[2026-05-07 09:02:39] [ETL] 📖 读取已有数据: /Users/zhoulai/low-altitude-economy/data/policy_data.json (71 条)
[2026-05-07 09:02:39] [ETL] 🔀 合并后: 102 条 → 去重后: 71 条
[2026-05-07 09:02:39] [ETL]    新增: 31 条，已有: 71 条，去重: 31 条
[2026-05-07 09:02:39] [ETL] 💾 主数据已更新: /Users/zhoulai/low-altitude-economy/data/policy_data.json (71 条)
[2026-05-07 09:02:39] [ETL] 📊 统计已更新: /Users/zhoulai/low-altitude-economy/data/stats.json
[2026-05-07 09:02:39] [ETL] 📝 changelog 已更新 (46 条记录)
[2026-05-07 09:02:39] [ETL] ==================================================
[2026-05-07 09:02:39] [ETL] 🚀 开始 ETL 流程: talent
[2026-05-07 09:02:39] [ETL] ==================================================
[2026-05-07 09:02:39] [ETL] 💾 原始数据已保存: /Users/zhoulai/low-altitude-economy/data/raw/talent_raw_2026-05-07_090239.json (211 条)
[2026-05-07 09:02:39] [ETL] 🧹 清洗数据...
[2026-05-07 09:02:39] [ETL] 📖 读取已有数据: /Users/zhoulai/low-altitude-economy/data/talent_data.json (200 条)
[2026-05-07 09:02:39] [ETL] 🔀 合并后: 411 条 → 去重后: 200 条
[2026-05-07 09:02:39] [ETL]    新增: 211 条，已有: 200 条，去重: 211 条
[2026-05-07 09:02:39] [ETL] 💾 主数据已更新: /Users/zhoulai/low-altitude-economy/data/talent_data.json (200 条)
[2026-05-07 09:02:39] [ETL] 📊 统计已更新: /Users/zhoulai/low-altitude-economy/data/talent_stats.json
[2026-05-07 09:02:39] [ETL] 📝 changelog 已更新 (47 条记录)
[2026-05-07 09:02:39] [ETL] ==================================================
[2026-05-07 09:02:39] [ETL] 📋 ETL 执行结果:
[2026-05-07 09:02:39] [ETL]   policy: ✅ 成功
[2026-05-07 09:02:39] [ETL]   talent: ✅ 成功
[2026-05-07 09:02:39] [ETL] ==================================================
